// Jest Snapshot v1, https://goo.gl/fbAQLP

exports[`Footer render testing renders panel and takes snapshot to track jsx element changes, will also test for exceptions in element code 1`] = `
<Fragment>
  <div
    className="footer-spacer"
  />
  <div
    className="footer"
  >
    <div>
      GeoJSON features
    </div>
  </div>
</Fragment>
`;
