// Jest Snapshot v1, https://goo.gl/fbAQLP

exports[`SideNavbarItem render testing renders panel and takes snapshot to track jsx element changes, will also test for exceptions in element code 1`] = `
<BrowserRouter>
  <Router
    history={
      Object {
        "action": "POP",
        "block": [Function],
        "createHref": [Function],
        "go": [Function],
        "goBack": [Function],
        "goForward": [Function],
        "length": 1,
        "listen": [Function],
        "location": Object {
          "hash": "",
          "pathname": "/",
          "search": "",
          "state": undefined,
        },
        "push": [Function],
        "replace": [Function],
      }
    }
  >
    <SideNavbarItem
      route={
        Object {
          "component": [Function],
          "icon": <i
            className="fa fa-globe"
          />,
          "id": "GeoJsonRoute",
          "label": "GeoJSON",
          "path": "/",
        }
      }
    >
      <li
        className="active"
      >
        <Link
          to="/"
        >
          <LinkAnchor
            href="/"
            navigate={[Function]}
          >
            <a
              href="/"
              onClick={[Function]}
            >
              <i
                className="fa fa-globe"
              />
               
              <span
                className="nav-label"
              >
                GeoJSON
              </span>
            </a>
          </LinkAnchor>
        </Link>
      </li>
    </SideNavbarItem>
  </Router>
</BrowserRouter>
`;
