// Jest Snapshot v1, https://goo.gl/fbAQLP

exports[`CoordinateDisplay render testing renders panel and takes snapshot to track jsx element changes, will also test for exceptions in element code 1`] = `
<Fragment>
  <div
    className="latitude-value-container"
  >
    <p
      className="longitude-latitude-titlebox"
    >
      Lat: 
      0
    </p>
    <p
      className="longitude-latitude-titlebox"
    >
      Lng: 
      0
    </p>
  </div>
</Fragment>
`;
